Test run for /home/jamesp/Projects/OpenCombatEngine/tests/OpenCombatEngine.Implementation.Tests/bin/Debug/net8.0/OpenCombatEngine.Implementation.Tests.dll (.NETCoreApp,Version=v8.0)
Microsoft (R) Test Execution Command Line Tool Version 17.8.0 (x64)
Copyright (c) Microsoft Corporation.  All rights reserved.

Starting test execution, please wait...
A total of 1 test files matched the specified pattern.
No test matches the given testcase filter `FullyQualifiedName~SpellListTests` in /home/jamesp/Projects/OpenCombatEngine/tests/OpenCombatEngine.Implementation.Tests/bin/Debug/net8.0/OpenCombatEngine.Implementation.Tests.dll

